[  2%] Building CXX object CMakeFiles/reaper_csurf_mcu_klinke.dir/ActionsDialogComponent.cpp.o
[  2%] Building CXX object CMakeFiles/reaper_csurf_mcu_klinke.dir/ActionsDisplay.cpp.o
[  3%] Building CXX object CMakeFiles/reaper_csurf_mcu_klinke.dir/ButtonManager.cpp.o
[  5%] Building CXX object CMakeFiles/reaper_csurf_mcu_klinke.dir/Actions.cpp.o
[  6%] Building CXX object CMakeFiles/reaper_csurf_mcu_klinke.dir/CCSManager.cpp.o
[  7%] Building CXX object CMakeFiles/reaper_csurf_mcu_klinke.dir/CCSModesEditor.cpp.o
[  8%] Building CXX object CMakeFiles/reaper_csurf_mcu_klinke.dir/CCSMode.cpp.o
[ 11%] Building CXX object CMakeFiles/reaper_csurf_mcu_klinke.dir/CommandModeMainComponent.cpp.o
[ 11%] Building CXX object CMakeFiles/reaper_csurf_mcu_klinke.dir/CommandMode.cpp.o
[ 12%] Building CXX object CMakeFiles/reaper_csurf_mcu_klinke.dir/CommandModeVPOTComponent.cpp.o
[ 15%] Building CXX object CMakeFiles/reaper_csurf_mcu_klinke.dir/csurf_main.cpp.o
[ 15%] Building CXX object CMakeFiles/reaper_csurf_mcu_klinke.dir/CommandModePageComponent.cpp.o
[ 16%] Building CXX object CMakeFiles/reaper_csurf_mcu_klinke.dir/csurf_mcu.cpp.o
[ 17%] Building CXX object CMakeFiles/reaper_csurf_mcu_klinke.dir/Display.cpp.o
[ 18%] Building CXX object CMakeFiles/reaper_csurf_mcu_klinke.dir/DisplayHandler.cpp.o
[ 20%] Building CXX object CMakeFiles/reaper_csurf_mcu_klinke.dir/MeterBridge.cpp.o
[ 21%] Building CXX object CMakeFiles/reaper_csurf_mcu_klinke.dir/MultiTrackMeterBridge.cpp.o
[ 22%] Building CXX object CMakeFiles/reaper_csurf_mcu_klinke.dir/MultiTrackMode.cpp.o
[ 23%] Building CXX object CMakeFiles/reaper_csurf_mcu_klinke.dir/MultiTrackOptions.cpp.o
[ 25%] Building CXX object CMakeFiles/reaper_csurf_mcu_klinke.dir/MultiTrackSelector.cpp.o
[ 26%] Building CXX object CMakeFiles/reaper_csurf_mcu_klinke.dir/MultiTrackOptions2.cpp.o
[ 27%] Building CXX object CMakeFiles/reaper_csurf_mcu_klinke.dir/Options.cpp.o
[ 28%] Building CXX object CMakeFiles/reaper_csurf_mcu_klinke.dir/PanMode.cpp.o
[ 30%] Building CXX object CMakeFiles/reaper_csurf_mcu_klinke.dir/PerformanceMode.cpp.o
In file included from /home/fuerst/csurf_klinke_mcu/Actions.h:7,
                 from /home/fuerst/csurf_klinke_mcu/Actions.cpp:12:
/home/fuerst/csurf_klinke_mcu/csurf_mcu.h:468:15: warning: extra qualification ‘CSurf_MCU::’ on member ‘GetTypeString’ [-fpermissive]
  468 |   const char *CSurf_MCU::GetTypeString() {
      |               ^~~~~~~~~
/home/fuerst/csurf_klinke_mcu/csurf_mcu.h:472:15: warning: extra qualification ‘CSurf_MCU::’ on member ‘GetDescString’ [-fpermissive]
  472 |   const char *CSurf_MCU::GetDescString() {
      |               ^~~~~~~~~
/home/fuerst/csurf_klinke_mcu/csurf_mcu.h:483:15: warning: extra qualification ‘CSurf_MCU::’ on member ‘GetConfigString’ [-fpermissive]
  483 |   const char *CSurf_MCU::GetConfigString() // string of configuration data
      |               ^~~~~~~~~
In file included from /home/fuerst/csurf_klinke_mcu/Selector.h:8,
                 from /home/fuerst/csurf_klinke_mcu/Options.h:7,
                 from /home/fuerst/csurf_klinke_mcu/MultiTrackOptions2.h:7,
                 from /home/fuerst/csurf_klinke_mcu/MultiTrackOptions2.cpp:6:
/home/fuerst/csurf_klinke_mcu/csurf_mcu.h:468:15: warning: extra qualification ‘CSurf_MCU::’ on member ‘GetTypeString’ [-fpermissive]
  468 |   const char *CSurf_MCU::GetTypeString() {
      |               ^~~~~~~~~
/home/fuerst/csurf_klinke_mcu/csurf_mcu.h:472:15: warning: extra qualification ‘CSurf_MCU::’ on member ‘GetDescString’ [-fpermissive]
  472 |   const char *CSurf_MCU::GetDescString() {
      |               ^~~~~~~~~
/home/fuerst/csurf_klinke_mcu/csurf_mcu.h:483:15: warning: extra qualification ‘CSurf_MCU::’ on member ‘GetConfigString’ [-fpermissive]
  483 |   const char *CSurf_MCU::GetConfigString() // string of configuration data
      |               ^~~~~~~~~
/home/fuerst/csurf_klinke_mcu/Actions.cpp: In member function ‘bool Actions::commandCallback(int, int)’:
/home/fuerst/csurf_klinke_mcu/Actions.cpp:120:65: warning: narrowing conversion of ‘pAction->Actions::Action::getButtonId()’ from ‘int’ to ‘unsigned char’ [-Wnarrowing]
  120 |       MIDI_event_t evt_down = {0, 3, {0x90, pAction->getButtonId(), 0x7F}};
      |                                             ~~~~~~~~~~~~~~~~~~~~^~
/home/fuerst/csurf_klinke_mcu/Actions.cpp:121:63: warning: narrowing conversion of ‘pAction->Actions::Action::getButtonId()’ from ‘int’ to ‘unsigned char’ [-Wnarrowing]
  121 |       MIDI_event_t evt_up = {0, 3, {0x90, pAction->getButtonId(), 0x00}};
      |                                           ~~~~~~~~~~~~~~~~~~~~^~
In file included from /home/fuerst/csurf_klinke_mcu/ActionsDisplay.cpp:9:
/home/fuerst/csurf_klinke_mcu/csurf_mcu.h:468:15: warning: extra qualification ‘CSurf_MCU::’ on member ‘GetTypeString’ [-fpermissive]
  468 |   const char *CSurf_MCU::GetTypeString() {
      |               ^~~~~~~~~
/home/fuerst/csurf_klinke_mcu/csurf_mcu.h:472:15: warning: extra qualification ‘CSurf_MCU::’ on member ‘GetDescString’ [-fpermissive]
  472 |   const char *CSurf_MCU::GetDescString() {
      |               ^~~~~~~~~
/home/fuerst/csurf_klinke_mcu/csurf_mcu.h:483:15: warning: extra qualification ‘CSurf_MCU::’ on member ‘GetConfigString’ [-fpermissive]
  483 |   const char *CSurf_MCU::GetConfigString() // string of configuration data
      |               ^~~~~~~~~
In file included from /home/fuerst/csurf_klinke_mcu/Tracks.h:17,
                 from /home/fuerst/csurf_klinke_mcu/MultiTrackMode.h:9,
                 from /home/fuerst/csurf_klinke_mcu/PanMode.h:7,
                 from /home/fuerst/csurf_klinke_mcu/PanMode.cpp:6:
/home/fuerst/csurf_klinke_mcu/csurf_mcu.h:468:15: warning: extra qualification ‘CSurf_MCU::’ on member ‘GetTypeString’ [-fpermissive]
  468 |   const char *CSurf_MCU::GetTypeString() {
      |               ^~~~~~~~~
/home/fuerst/csurf_klinke_mcu/csurf_mcu.h:472:15: warning: extra qualification ‘CSurf_MCU::’ on member ‘GetDescString’ [-fpermissive]
  472 |   const char *CSurf_MCU::GetDescString() {
      |               ^~~~~~~~~
/home/fuerst/csurf_klinke_mcu/csurf_mcu.h:483:15: warning: extra qualification ‘CSurf_MCU::’ on member ‘GetConfigString’ [-fpermissive]
  483 |   const char *CSurf_MCU::GetConfigString() // string of configuration data
      |               ^~~~~~~~~
In file included from /home/fuerst/csurf_klinke_mcu/CCSModesEditor.h:8,
                 from /home/fuerst/csurf_klinke_mcu/CCSModesEditor.cpp:6:
/home/fuerst/csurf_klinke_mcu/csurf_mcu.h:468:15: warning: extra qualification ‘CSurf_MCU::’ on member ‘GetTypeString’ [-fpermissive]
  468 |   const char *CSurf_MCU::GetTypeString() {
      |               ^~~~~~~~~
/home/fuerst/csurf_klinke_mcu/csurf_mcu.h:472:15: warning: extra qualification ‘CSurf_MCU::’ on member ‘GetDescString’ [-fpermissive]
  472 |   const char *CSurf_MCU::GetDescString() {
      |               ^~~~~~~~~
/home/fuerst/csurf_klinke_mcu/csurf_mcu.h:483:15: warning: extra qualification ‘CSurf_MCU::’ on member ‘GetConfigString’ [-fpermissive]
  483 |   const char *CSurf_MCU::GetConfigString() // string of configuration data
      |               ^~~~~~~~~
In file included from /home/fuerst/csurf_klinke_mcu/CommandModeVPOTComponent.h:31,
                 from /home/fuerst/csurf_klinke_mcu/CommandModeVPOTComponent.cpp:30:
/home/fuerst/csurf_klinke_mcu/csurf_mcu.h:468:15: warning: extra qualification ‘CSurf_MCU::’ on member ‘GetTypeString’ [-fpermissive]
  468 |   const char *CSurf_MCU::GetTypeString() {
      |               ^~~~~~~~~
/home/fuerst/csurf_klinke_mcu/csurf_mcu.h:472:15: warning: extra qualification ‘CSurf_MCU::’ on member ‘GetDescString’ [-fpermissive]
  472 |   const char *CSurf_MCU::GetDescString() {
      |               ^~~~~~~~~
/home/fuerst/csurf_klinke_mcu/csurf_mcu.h:483:15: warning: extra qualification ‘CSurf_MCU::’ on member ‘GetConfigString’ [-fpermissive]
  483 |   const char *CSurf_MCU::GetConfigString() // string of configuration data
      |               ^~~~~~~~~
In file included from /home/fuerst/csurf_klinke_mcu/MultiTrackMeterBridge.cpp:7:
/home/fuerst/csurf_klinke_mcu/csurf_mcu.h:468:15: warning: extra qualification ‘CSurf_MCU::’ on member ‘GetTypeString’ [-fpermissive]
  468 |   const char *CSurf_MCU::GetTypeString() {
      |               ^~~~~~~~~
/home/fuerst/csurf_klinke_mcu/csurf_mcu.h:472:15: warning: extra qualification ‘CSurf_MCU::’ on member ‘GetDescString’ [-fpermissive]
  472 |   const char *CSurf_MCU::GetDescString() {
      |               ^~~~~~~~~
/home/fuerst/csurf_klinke_mcu/csurf_mcu.h:483:15: warning: extra qualification ‘CSurf_MCU::’ on member ‘GetConfigString’ [-fpermissive]
  483 |   const char *CSurf_MCU::GetConfigString() // string of configuration data
      |               ^~~~~~~~~
In file included from /home/fuerst/csurf_klinke_mcu/Tracks.h:17,
                 from /home/fuerst/csurf_klinke_mcu/MultiTrackMode.h:9,
                 from /home/fuerst/csurf_klinke_mcu/CCSManager.cpp:10:
/home/fuerst/csurf_klinke_mcu/csurf_mcu.h:468:15: warning: extra qualification ‘CSurf_MCU::’ on member ‘GetTypeString’ [-fpermissive]
  468 |   const char *CSurf_MCU::GetTypeString() {
      |               ^~~~~~~~~
/home/fuerst/csurf_klinke_mcu/csurf_mcu.h:472:15: warning: extra qualification ‘CSurf_MCU::’ on member ‘GetDescString’ [-fpermissive]
  472 |   const char *CSurf_MCU::GetDescString() {
      |               ^~~~~~~~~
/home/fuerst/csurf_klinke_mcu/csurf_mcu.h:483:15: warning: extra qualification ‘CSurf_MCU::’ on member ‘GetConfigString’ [-fpermissive]
  483 |   const char *CSurf_MCU::GetConfigString() // string of configuration data
      |               ^~~~~~~~~
In file included from /home/fuerst/csurf_klinke_mcu/DisplayHandler.cpp:9:
/home/fuerst/csurf_klinke_mcu/csurf_mcu.h:468:15: warning: extra qualification ‘CSurf_MCU::’ on member ‘GetTypeString’ [-fpermissive]
  468 |   const char *CSurf_MCU::GetTypeString() {
      |               ^~~~~~~~~
/home/fuerst/csurf_klinke_mcu/csurf_mcu.h:472:15: warning: extra qualification ‘CSurf_MCU::’ on member ‘GetDescString’ [-fpermissive]
  472 |   const char *CSurf_MCU::GetDescString() {
      |               ^~~~~~~~~
/home/fuerst/csurf_klinke_mcu/csurf_mcu.h:483:15: warning: extra qualification ‘CSurf_MCU::’ on member ‘GetConfigString’ [-fpermissive]
  483 |   const char *CSurf_MCU::GetConfigString() // string of configuration data
      |               ^~~~~~~~~
In file included from /home/fuerst/csurf_klinke_mcu/Selector.h:8,
                 from /home/fuerst/csurf_klinke_mcu/Options.h:7,
                 from /home/fuerst/csurf_klinke_mcu/MultiTrackOptions.h:7,
                 from /home/fuerst/csurf_klinke_mcu/MultiTrackOptions.cpp:6:
/home/fuerst/csurf_klinke_mcu/csurf_mcu.h:468:15: warning: extra qualification ‘CSurf_MCU::’ on member ‘GetTypeString’ [-fpermissive]
  468 |   const char *CSurf_MCU::GetTypeString() {
      |               ^~~~~~~~~
/home/fuerst/csurf_klinke_mcu/csurf_mcu.h:472:15: warning: extra qualification ‘CSurf_MCU::’ on member ‘GetDescString’ [-fpermissive]
  472 |   const char *CSurf_MCU::GetDescString() {
      |               ^~~~~~~~~
/home/fuerst/csurf_klinke_mcu/csurf_mcu.h:483:15: warning: extra qualification ‘CSurf_MCU::’ on member ‘GetConfigString’ [-fpermissive]
  483 |   const char *CSurf_MCU::GetConfigString() // string of configuration data
      |               ^~~~~~~~~
In file included from /home/fuerst/csurf_klinke_mcu/MeterBridge.cpp:7:
/home/fuerst/csurf_klinke_mcu/csurf_mcu.h:468:15: warning: extra qualification ‘CSurf_MCU::’ on member ‘GetTypeString’ [-fpermissive]
  468 |   const char *CSurf_MCU::GetTypeString() {
      |               ^~~~~~~~~
/home/fuerst/csurf_klinke_mcu/csurf_mcu.h:472:15: warning: extra qualification ‘CSurf_MCU::’ on member ‘GetDescString’ [-fpermissive]
  472 |   const char *CSurf_MCU::GetDescString() {
      |               ^~~~~~~~~
/home/fuerst/csurf_klinke_mcu/csurf_mcu.h:483:15: warning: extra qualification ‘CSurf_MCU::’ on member ‘GetConfigString’ [-fpermissive]
  483 |   const char *CSurf_MCU::GetConfigString() // string of configuration data
      |               ^~~~~~~~~
In file included from /home/fuerst/csurf_klinke_mcu/PerformanceMode.cpp:11:
/home/fuerst/csurf_klinke_mcu/csurf_mcu.h:468:15: warning: extra qualification ‘CSurf_MCU::’ on member ‘GetTypeString’ [-fpermissive]
  468 |   const char *CSurf_MCU::GetTypeString() {
      |               ^~~~~~~~~
/home/fuerst/csurf_klinke_mcu/csurf_mcu.h:472:15: warning: extra qualification ‘CSurf_MCU::’ on member ‘GetDescString’ [-fpermissive]
  472 |   const char *CSurf_MCU::GetDescString() {
      |               ^~~~~~~~~
/home/fuerst/csurf_klinke_mcu/csurf_mcu.h:483:15: warning: extra qualification ‘CSurf_MCU::’ on member ‘GetConfigString’ [-fpermissive]
  483 |   const char *CSurf_MCU::GetConfigString() // string of configuration data
      |               ^~~~~~~~~
In file included from /home/fuerst/csurf_klinke_mcu/Tracks.h:17,
                 from /home/fuerst/csurf_klinke_mcu/MultiTrackMode.h:9,
                 from /home/fuerst/csurf_klinke_mcu/CommandMode.h:7,
                 from /home/fuerst/csurf_klinke_mcu/CommandMode.cpp:7:
/home/fuerst/csurf_klinke_mcu/csurf_mcu.h:468:15: warning: extra qualification ‘CSurf_MCU::’ on member ‘GetTypeString’ [-fpermissive]
  468 |   const char *CSurf_MCU::GetTypeString() {
      |               ^~~~~~~~~
/home/fuerst/csurf_klinke_mcu/csurf_mcu.h:472:15: warning: extra qualification ‘CSurf_MCU::’ on member ‘GetDescString’ [-fpermissive]
  472 |   const char *CSurf_MCU::GetDescString() {
      |               ^~~~~~~~~
/home/fuerst/csurf_klinke_mcu/csurf_mcu.h:483:15: warning: extra qualification ‘CSurf_MCU::’ on member ‘GetConfigString’ [-fpermissive]
  483 |   const char *CSurf_MCU::GetConfigString() // string of configuration data
      |               ^~~~~~~~~
In file included from /home/fuerst/csurf_klinke_mcu/CCSMode.cpp:7:
/home/fuerst/csurf_klinke_mcu/csurf_mcu.h:468:15: warning: extra qualification ‘CSurf_MCU::’ on member ‘GetTypeString’ [-fpermissive]
  468 |   const char *CSurf_MCU::GetTypeString() {
      |               ^~~~~~~~~
/home/fuerst/csurf_klinke_mcu/csurf_mcu.h:472:15: warning: extra qualification ‘CSurf_MCU::’ on member ‘GetDescString’ [-fpermissive]
  472 |   const char *CSurf_MCU::GetDescString() {
      |               ^~~~~~~~~
/home/fuerst/csurf_klinke_mcu/csurf_mcu.h:483:15: warning: extra qualification ‘CSurf_MCU::’ on member ‘GetConfigString’ [-fpermissive]
  483 |   const char *CSurf_MCU::GetConfigString() // string of configuration data
      |               ^~~~~~~~~
In file included from /home/fuerst/csurf_klinke_mcu/csurf_mcu.cpp:15:
/home/fuerst/csurf_klinke_mcu/csurf_mcu.h:468:15: warning: extra qualification ‘CSurf_MCU::’ on member ‘GetTypeString’ [-fpermissive]
  468 |   const char *CSurf_MCU::GetTypeString() {
      |               ^~~~~~~~~
/home/fuerst/csurf_klinke_mcu/csurf_mcu.h:472:15: warning: extra qualification ‘CSurf_MCU::’ on member ‘GetDescString’ [-fpermissive]
  472 |   const char *CSurf_MCU::GetDescString() {
      |               ^~~~~~~~~
/home/fuerst/csurf_klinke_mcu/csurf_mcu.h:483:15: warning: extra qualification ‘CSurf_MCU::’ on member ‘GetConfigString’ [-fpermissive]
  483 |   const char *CSurf_MCU::GetConfigString() // string of configuration data
      |               ^~~~~~~~~
In file included from /home/fuerst/csurf_klinke_mcu/csurf_mcu.cpp:18:
/home/fuerst/csurf_klinke_mcu/Transport.h:33:3: warning: extra qualification ‘Transport::’ on member ‘Transport’ [-fpermissive]
   33 |   Transport::Transport(CSurf_MCU *p_mcu);
      |   ^~~~~~~~~
/home/fuerst/csurf_klinke_mcu/Transport.h:52:8: warning: extra qualification ‘Transport::’ on member ‘setClient’ [-fpermissive]
   52 |   void Transport::setClient(Client new_client);
      |        ^~~~~~~~~
/home/fuerst/csurf_klinke_mcu/Transport.h:55:8: warning: extra qualification ‘Transport::’ on member ‘startReel’ [-fpermissive]
   55 |   void Transport::startReel(Direction dir);
      |        ^~~~~~~~~
/home/fuerst/csurf_klinke_mcu/Transport.h:56:8: warning: extra qualification ‘Transport::’ on member ‘endReel’ [-fpermissive]
   56 |   void Transport::endReel();
      |        ^~~~~~~~~
In file included from /home/fuerst/csurf_klinke_mcu/Selector.h:8,
                 from /home/fuerst/csurf_klinke_mcu/Options.h:7,
                 from /home/fuerst/csurf_klinke_mcu/Options.cpp:6:
/home/fuerst/csurf_klinke_mcu/csurf_mcu.h:468:15: warning: extra qualification ‘CSurf_MCU::’ on member ‘GetTypeString’ [-fpermissive]
  468 |   const char *CSurf_MCU::GetTypeString() {
      |               ^~~~~~~~~
/home/fuerst/csurf_klinke_mcu/csurf_mcu.h:472:15: warning: extra qualification ‘CSurf_MCU::’ on member ‘GetDescString’ [-fpermissive]
  472 |   const char *CSurf_MCU::GetDescString() {
      |               ^~~~~~~~~
/home/fuerst/csurf_klinke_mcu/csurf_mcu.h:483:15: warning: extra qualification ‘CSurf_MCU::’ on member ‘GetConfigString’ [-fpermissive]
  483 |   const char *CSurf_MCU::GetConfigString() // string of configuration data
      |               ^~~~~~~~~
In file included from /home/fuerst/csurf_klinke_mcu/Selector.h:8,
                 from /home/fuerst/csurf_klinke_mcu/MultiTrackSelector.h:7,
                 from /home/fuerst/csurf_klinke_mcu/MultiTrackSelector.cpp:6:
/home/fuerst/csurf_klinke_mcu/csurf_mcu.h:468:15: warning: extra qualification ‘CSurf_MCU::’ on member ‘GetTypeString’ [-fpermissive]
  468 |   const char *CSurf_MCU::GetTypeString() {
      |               ^~~~~~~~~
/home/fuerst/csurf_klinke_mcu/csurf_mcu.h:472:15: warning: extra qualification ‘CSurf_MCU::’ on member ‘GetDescString’ [-fpermissive]
  472 |   const char *CSurf_MCU::GetDescString() {
      |               ^~~~~~~~~
/home/fuerst/csurf_klinke_mcu/csurf_mcu.h:483:15: warning: extra qualification ‘CSurf_MCU::’ on member ‘GetConfigString’ [-fpermissive]
  483 |   const char *CSurf_MCU::GetConfigString() // string of configuration data
      |               ^~~~~~~~~
In file included from /home/fuerst/csurf_klinke_mcu/CommandModePageComponent.h:31,
                 from /home/fuerst/csurf_klinke_mcu/CommandModePageComponent.cpp:30:
/home/fuerst/csurf_klinke_mcu/csurf_mcu.h:468:15: warning: extra qualification ‘CSurf_MCU::’ on member ‘GetTypeString’ [-fpermissive]
  468 |   const char *CSurf_MCU::GetTypeString() {
      |               ^~~~~~~~~
/home/fuerst/csurf_klinke_mcu/csurf_mcu.h:472:15: warning: extra qualification ‘CSurf_MCU::’ on member ‘GetDescString’ [-fpermissive]
  472 |   const char *CSurf_MCU::GetDescString() {
      |               ^~~~~~~~~
/home/fuerst/csurf_klinke_mcu/csurf_mcu.h:483:15: warning: extra qualification ‘CSurf_MCU::’ on member ‘GetConfigString’ [-fpermissive]
  483 |   const char *CSurf_MCU::GetConfigString() // string of configuration data
      |               ^~~~~~~~~
In file included from /home/fuerst/csurf_klinke_mcu/ButtonManager.h:1,
                 from /home/fuerst/csurf_klinke_mcu/ButtonManager.cpp:6:
/home/fuerst/csurf_klinke_mcu/csurf_mcu.h:468:15: warning: extra qualification ‘CSurf_MCU::’ on member ‘GetTypeString’ [-fpermissive]
  468 |   const char *CSurf_MCU::GetTypeString() {
      |               ^~~~~~~~~
/home/fuerst/csurf_klinke_mcu/csurf_mcu.h:472:15: warning: extra qualification ‘CSurf_MCU::’ on member ‘GetDescString’ [-fpermissive]
  472 |   const char *CSurf_MCU::GetDescString() {
      |               ^~~~~~~~~
/home/fuerst/csurf_klinke_mcu/csurf_mcu.h:483:15: warning: extra qualification ‘CSurf_MCU::’ on member ‘GetConfigString’ [-fpermissive]
  483 |   const char *CSurf_MCU::GetConfigString() // string of configuration data
      |               ^~~~~~~~~
In file included from /home/fuerst/csurf_klinke_mcu/Tracks.h:17,
                 from /home/fuerst/csurf_klinke_mcu/MultiTrackMode.h:9,
                 from /home/fuerst/csurf_klinke_mcu/MultiTrackMode.cpp:6:
/home/fuerst/csurf_klinke_mcu/csurf_mcu.h:468:15: warning: extra qualification ‘CSurf_MCU::’ on member ‘GetTypeString’ [-fpermissive]
  468 |   const char *CSurf_MCU::GetTypeString() {
      |               ^~~~~~~~~
/home/fuerst/csurf_klinke_mcu/csurf_mcu.h:472:15: warning: extra qualification ‘CSurf_MCU::’ on member ‘GetDescString’ [-fpermissive]
  472 |   const char *CSurf_MCU::GetDescString() {
      |               ^~~~~~~~~
/home/fuerst/csurf_klinke_mcu/csurf_mcu.h:483:15: warning: extra qualification ‘CSurf_MCU::’ on member ‘GetConfigString’ [-fpermissive]
  483 |   const char *CSurf_MCU::GetConfigString() // string of configuration data
      |               ^~~~~~~~~
In file included from /home/fuerst/csurf_klinke_mcu/Display.cpp:9:
/home/fuerst/csurf_klinke_mcu/csurf_mcu.h:468:15: warning: extra qualification ‘CSurf_MCU::’ on member ‘GetTypeString’ [-fpermissive]
  468 |   const char *CSurf_MCU::GetTypeString() {
      |               ^~~~~~~~~
/home/fuerst/csurf_klinke_mcu/csurf_mcu.h:472:15: warning: extra qualification ‘CSurf_MCU::’ on member ‘GetDescString’ [-fpermissive]
  472 |   const char *CSurf_MCU::GetDescString() {
      |               ^~~~~~~~~
/home/fuerst/csurf_klinke_mcu/csurf_mcu.h:483:15: warning: extra qualification ‘CSurf_MCU::’ on member ‘GetConfigString’ [-fpermissive]
  483 |   const char *CSurf_MCU::GetConfigString() // string of configuration data
      |               ^~~~~~~~~
In file included from /home/fuerst/csurf_klinke_mcu/CommandModeMainComponent.h:31,
                 from /home/fuerst/csurf_klinke_mcu/CommandModeMainComponent.cpp:30:
/home/fuerst/csurf_klinke_mcu/csurf_mcu.h:468:15: warning: extra qualification ‘CSurf_MCU::’ on member ‘GetTypeString’ [-fpermissive]
  468 |   const char *CSurf_MCU::GetTypeString() {
      |               ^~~~~~~~~
/home/fuerst/csurf_klinke_mcu/csurf_mcu.h:472:15: warning: extra qualification ‘CSurf_MCU::’ on member ‘GetDescString’ [-fpermissive]
  472 |   const char *CSurf_MCU::GetDescString() {
      |               ^~~~~~~~~
/home/fuerst/csurf_klinke_mcu/csurf_mcu.h:483:15: warning: extra qualification ‘CSurf_MCU::’ on member ‘GetConfigString’ [-fpermissive]
  483 |   const char *CSurf_MCU::GetConfigString() // string of configuration data
      |               ^~~~~~~~~
[ 31%] Building CXX object CMakeFiles/reaper_csurf_mcu_klinke.dir/PlugAccess.cpp.o
/home/fuerst/csurf_klinke_mcu/CCSMode.cpp: In member function ‘virtual void CCSMode::updateAssignmentDisplay()’:
/home/fuerst/csurf_klinke_mcu/CCSMode.cpp:47:45: warning: ISO C++ forbids converting a string constant to ‘char*’ [-Wwrite-strings]
   47 |   m_pCCSManager->setAssignmentDisplay(this, "  ");
      |                                             ^~~~
/home/fuerst/csurf_klinke_mcu/MultiTrackMode.cpp: In member function ‘virtual void MultiTrackMode::updateAssignmentDisplay()’:
/home/fuerst/csurf_klinke_mcu/MultiTrackMode.cpp:180:10: warning: cast from ‘void*’ to ‘int’ loses precision [-fpermissive]
  180 |     nr = (int)GetSetMediaTrackInfo(pMT, "IP_TRACKNUMBER", NULL);
      |          ^~~~~~~~~~~~~~~~~~~~~~~~~~~~~~~~~~~~~~~~~~~~~~~~~~~~~~
/home/fuerst/csurf_klinke_mcu/MultiTrackMode.cpp:188:47: warning: ISO C++ forbids converting a string constant to ‘char*’ [-Wwrite-strings]
  188 |     m_pCCSManager->setAssignmentDisplay(this, "");
      |                                               ^~
/home/fuerst/csurf_klinke_mcu/DisplayHandler.cpp: In member function ‘void DisplayHandler::_ZN14DisplayHandler14enableMCUMeterEib.part.0(int, bool)’:
/home/fuerst/csurf_klinke_mcu/DisplayHandler.cpp:133:38: warning: writing 1 byte into a region of size 0 [-Wstringop-overflow=]
  133 |   mm.evt.midi_message[mm.evt.size++] = 0x00 + channel - 1;
      |   ~~~~~~~~~~~~~~~~~~~~~~~~~~~~~~~~~~~^~~~~~~~~~~~~~~~~~~~
In file included from /home/fuerst/csurf_klinke_mcu/csurf.h:4,
                 from /home/fuerst/csurf_klinke_mcu/McuDebugLog.h:12,
                 from /home/fuerst/csurf_klinke_mcu/DisplayHandler.cpp:8:
/home/fuerst/csurf_klinke_mcu/reaper-sdk/sdk/reaper_plugin.h:391:17: note: at offset 4 into destination object ‘MIDI_event_t::midi_message’ of size 4
  391 |   unsigned char midi_message[4]; // size is number of bytes valid -- can be more than 4!
      |                 ^~~~~~~~~~~~
/home/fuerst/csurf_klinke_mcu/DisplayHandler.cpp:135:38: warning: writing 1 byte into a region of size 0 [-Wstringop-overflow=]
  135 |   mm.evt.midi_message[mm.evt.size++] = enable ? 0x03 : 0x01;
      |   ~~~~~~~~~~~~~~~~~~~~~~~~~~~~~~~~~~~^~~~~~~~~~~~~~~~~~~~~~
/home/fuerst/csurf_klinke_mcu/reaper-sdk/sdk/reaper_plugin.h:391:17: note: at offset [5, 7] into destination object ‘MIDI_event_t::midi_message’ of size 4
  391 |   unsigned char midi_message[4]; // size is number of bytes valid -- can be more than 4!
      |                 ^~~~~~~~~~~~
/home/fuerst/csurf_klinke_mcu/DisplayHandler.cpp:136:38: warning: writing 1 byte into a region of size 0 [-Wstringop-overflow=]
  136 |   mm.evt.midi_message[mm.evt.size++] = 0xF7;
      |   ~~~~~~~~~~~~~~~~~~~~~~~~~~~~~~~~~~~^~~~~~
/home/fuerst/csurf_klinke_mcu/reaper-sdk/sdk/reaper_plugin.h:391:17: note: at offset [6, 8] into destination object ‘MIDI_event_t::midi_message’ of size 4
  391 |   unsigned char midi_message[4]; // size is number of bytes valid -- can be more than 4!
      |                 ^~~~~~~~~~~~
/home/fuerst/csurf_klinke_mcu/DisplayHandler.cpp:146:40: warning: writing 1 byte into a region of size 0 [-Wstringop-overflow=]
  146 |   mm2.evt.midi_message[mm2.evt.size++] = 0x01;
      |   ~~~~~~~~~~~~~~~~~~~~~~~~~~~~~~~~~~~~~^~~~~~
/home/fuerst/csurf_klinke_mcu/reaper-sdk/sdk/reaper_plugin.h:391:17: note: at offset 4 into destination object ‘MIDI_event_t::midi_message’ of size 4
  391 |   unsigned char midi_message[4]; // size is number of bytes valid -- can be more than 4!
      |                 ^~~~~~~~~~~~
/home/fuerst/csurf_klinke_mcu/DisplayHandler.cpp:147:40: warning: writing 1 byte into a region of size 0 [-Wstringop-overflow=]
  147 |   mm2.evt.midi_message[mm2.evt.size++] = 0xF7;
      |   ~~~~~~~~~~~~~~~~~~~~~~~~~~~~~~~~~~~~~^~~~~~
/home/fuerst/csurf_klinke_mcu/reaper-sdk/sdk/reaper_plugin.h:391:17: note: at offset [5, 7] into destination object ‘MIDI_event_t::midi_message’ of size 4
  391 |   unsigned char midi_message[4]; // size is number of bytes valid -- can be more than 4!
      |                 ^~~~~~~~~~~~
[ 32%] Building CXX object CMakeFiles/reaper_csurf_mcu_klinke.dir/PluginWatcher.cpp.o
[ 33%] Building CXX object CMakeFiles/reaper_csurf_mcu_klinke.dir/PlugMap.cpp.o
[ 35%] Building CXX object CMakeFiles/reaper_csurf_mcu_klinke.dir/PlugMapManager.cpp.o
[ 36%] Building CXX object CMakeFiles/reaper_csurf_mcu_klinke.dir/PlugMapSaveDialog.cpp.o
/home/fuerst/csurf_klinke_mcu/DisplayHandler.cpp: In member function ‘void DisplayHandler::sendToHardware(int, int, const char*, int)’:
/home/fuerst/csurf_klinke_mcu/DisplayHandler.cpp:96:38: warning: writing 1 byte into a region of size 0 [-Wstringop-overflow=]
   96 |   mm.evt.midi_message[mm.evt.size++] = pos;
      |   ~~~~~~~~~~~~~~~~~~~~~~~~~~~~~~~~~~~^~~~~
/home/fuerst/csurf_klinke_mcu/reaper-sdk/sdk/reaper_plugin.h:391:17: note: at offset 4 into destination object ‘MIDI_event_t::midi_message’ of size 4
  391 |   unsigned char midi_message[4]; // size is number of bytes valid -- can be more than 4!
      |                 ^~~~~~~~~~~~
/home/fuerst/csurf_klinke_mcu/DisplayHandler.cpp:100:40: warning: writing 1 byte into a region of size 0 [-Wstringop-overflow=]
  100 |     mm.evt.midi_message[mm.evt.size++] = *text++;
      |     ~~~~~~~~~~~~~~~~~~~~~~~~~~~~~~~~~~~^~~~~~~~~
/home/fuerst/csurf_klinke_mcu/reaper-sdk/sdk/reaper_plugin.h:391:17: note: at offset [5, 2147483647] into destination object ‘MIDI_event_t::midi_message’ of size 4
  391 |   unsigned char midi_message[4]; // size is number of bytes valid -- can be more than 4!
      |                 ^~~~~~~~~~~~
/home/fuerst/csurf_klinke_mcu/DisplayHandler.cpp:100:40: warning: writing 1 byte into a region of size 0 [-Wstringop-overflow=]
  100 |     mm.evt.midi_message[mm.evt.size++] = *text++;
      |     ~~~~~~~~~~~~~~~~~~~~~~~~~~~~~~~~~~~^~~~~~~~~
/home/fuerst/csurf_klinke_mcu/reaper-sdk/sdk/reaper_plugin.h:391:17: note: at offset [6, 2147483647] into destination object ‘MIDI_event_t::midi_message’ of size 4
  391 |   unsigned char midi_message[4]; // size is number of bytes valid -- can be more than 4!
      |                 ^~~~~~~~~~~~
/home/fuerst/csurf_klinke_mcu/DisplayHandler.cpp:100:40: warning: writing 1 byte into a region of size 0 [-Wstringop-overflow=]
  100 |     mm.evt.midi_message[mm.evt.size++] = *text++;
      |     ~~~~~~~~~~~~~~~~~~~~~~~~~~~~~~~~~~~^~~~~~~~~
/home/fuerst/csurf_klinke_mcu/reaper-sdk/sdk/reaper_plugin.h:391:17: note: at offset [7, 2147483647] into destination object ‘MIDI_event_t::midi_message’ of size 4
  391 |   unsigned char midi_message[4]; // size is number of bytes valid -- can be more than 4!
      |                 ^~~~~~~~~~~~
[ 37%] Building CXX object CMakeFiles/reaper_csurf_mcu_klinke.dir/PlugMode.cpp.o
[ 38%] Building CXX object CMakeFiles/reaper_csurf_mcu_klinke.dir/PlugMode2ndOptions.cpp.o
[ 40%] Building CXX object CMakeFiles/reaper_csurf_mcu_klinke.dir/PlugModeBankComponent.cpp.o
[ 41%] Building CXX object CMakeFiles/reaper_csurf_mcu_klinke.dir/PlugModeChannelComponent.cpp.o
[ 42%] Building CXX object CMakeFiles/reaper_csurf_mcu_klinke.dir/PlugModeBankReferenceComponent.cpp.o
[ 43%] Building CXX object CMakeFiles/reaper_csurf_mcu_klinke.dir/PlugModeComponent.cpp.o
[ 45%] Building CXX object CMakeFiles/reaper_csurf_mcu_klinke.dir/PlugModeMapInfoComponent.cpp.o
[ 46%] Building CXX object CMakeFiles/reaper_csurf_mcu_klinke.dir/PlugModeFaderComponent.cpp.o
[ 48%] Building CXX object CMakeFiles/reaper_csurf_mcu_klinke.dir/PlugModeMeterBridge.cpp.o
[ 48%] Building CXX object CMakeFiles/reaper_csurf_mcu_klinke.dir/PlugModeOptions.cpp.o
[ 50%] Building CXX object CMakeFiles/reaper_csurf_mcu_klinke.dir/PlugModePageComponent.cpp.o
[ 51%] Building CXX object CMakeFiles/reaper_csurf_mcu_klinke.dir/PlugModeParamComponent.cpp.o
[ 52%] Building CXX object CMakeFiles/reaper_csurf_mcu_klinke.dir/PlugModePageReferenceComponent.cpp.o
[ 53%] Building CXX object CMakeFiles/reaper_csurf_mcu_klinke.dir/PlugModeSelectors.cpp.o
[ 55%] Building CXX object CMakeFiles/reaper_csurf_mcu_klinke.dir/PlugModeSingleBankComponent.cpp.o
[ 56%] Building CXX object CMakeFiles/reaper_csurf_mcu_klinke.dir/PlugModeSingleChannelComponent.cpp.o
[ 57%] Building CXX object CMakeFiles/reaper_csurf_mcu_klinke.dir/PlugModeSinglePageComponent.cpp.o
[ 58%] Building CXX object CMakeFiles/reaper_csurf_mcu_klinke.dir/PlugModeVPOTComponent.cpp.o
/home/fuerst/csurf_klinke_mcu/csurf_mcu.cpp: In destructor ‘CSurf_MCU::~CSurf_MCU()’:
/home/fuerst/csurf_klinke_mcu/csurf_mcu.cpp:897:40: warning: writing 1 byte into a region of size 0 [-Wstringop-overflow=]
  897 |                 poo.evt.midi_message[4]=m_is_mcuex ? 0x15 : 0x14;
      |                 ~~~~~~~~~~~~~~~~~~~~~~~^~~~~~~~~~~~~~~~~~~~~~~~~
In file included from /home/fuerst/csurf_klinke_mcu/csurf.h:4,
                 from /home/fuerst/csurf_klinke_mcu/csurf_mcu.h:17:
/home/fuerst/csurf_klinke_mcu/reaper-sdk/sdk/reaper_plugin.h:391:17: note: at offset 4 into destination object ‘MIDI_event_t::midi_message’ of size 4
  391 |   unsigned char midi_message[4]; // size is number of bytes valid -- can be more than 4!
      |                 ^~~~~~~~~~~~
/home/fuerst/csurf_klinke_mcu/csurf_mcu.cpp:898:40: warning: writing 1 byte into a region of size 0 [-Wstringop-overflow=]
  898 |                 poo.evt.midi_message[5]=0x08;
      |                 ~~~~~~~~~~~~~~~~~~~~~~~^~~~~
/home/fuerst/csurf_klinke_mcu/reaper-sdk/sdk/reaper_plugin.h:391:17: note: at offset 5 into destination object ‘MIDI_event_t::midi_message’ of size 4
  391 |   unsigned char midi_message[4]; // size is number of bytes valid -- can be more than 4!
      |                 ^~~~~~~~~~~~
/home/fuerst/csurf_klinke_mcu/csurf_mcu.cpp:899:40: warning: writing 1 byte into a region of size 0 [-Wstringop-overflow=]
  899 |                 poo.evt.midi_message[6]=0x00;
      |                 ~~~~~~~~~~~~~~~~~~~~~~~^~~~~
/home/fuerst/csurf_klinke_mcu/reaper-sdk/sdk/reaper_plugin.h:391:17: note: at offset 6 into destination object ‘MIDI_event_t::midi_message’ of size 4
  391 |   unsigned char midi_message[4]; // size is number of bytes valid -- can be more than 4!
      |                 ^~~~~~~~~~~~
/home/fuerst/csurf_klinke_mcu/csurf_mcu.cpp:900:40: warning: writing 1 byte into a region of size 0 [-Wstringop-overflow=]
  900 |                 poo.evt.midi_message[7]=0xF7;
      |                 ~~~~~~~~~~~~~~~~~~~~~~~^~~~~
/home/fuerst/csurf_klinke_mcu/reaper-sdk/sdk/reaper_plugin.h:391:17: note: at offset 7 into destination object ‘MIDI_event_t::midi_message’ of size 4
  391 |   unsigned char midi_message[4]; // size is number of bytes valid -- can be more than 4!
      |                 ^~~~~~~~~~~~
In file included from /home/fuerst/csurf_klinke_mcu/PlugAccess.h:9,
                 from /home/fuerst/csurf_klinke_mcu/PlugAccess.cpp:8:
/home/fuerst/csurf_klinke_mcu/csurf_mcu.h:468:15: warning: extra qualification ‘CSurf_MCU::’ on member ‘GetTypeString’ [-fpermissive]
  468 |   const char *CSurf_MCU::GetTypeString() {
      |               ^~~~~~~~~
/home/fuerst/csurf_klinke_mcu/csurf_mcu.h:472:15: warning: extra qualification ‘CSurf_MCU::’ on member ‘GetDescString’ [-fpermissive]
  472 |   const char *CSurf_MCU::GetDescString() {
      |               ^~~~~~~~~
/home/fuerst/csurf_klinke_mcu/csurf_mcu.h:483:15: warning: extra qualification ‘CSurf_MCU::’ on member ‘GetConfigString’ [-fpermissive]
  483 |   const char *CSurf_MCU::GetConfigString() // string of configuration data
      |               ^~~~~~~~~
In file included from /home/fuerst/csurf_klinke_mcu/PlugMode.h:9,
                 from /home/fuerst/csurf_klinke_mcu/PlugAccess.h:14:
/home/fuerst/csurf_klinke_mcu/PlugAccess.cpp: In member function ‘void PlugAccess::checkFloatWindows()’:
/home/fuerst/csurf_klinke_mcu/PlugModeOptions.h:9:24: error: cannot convert ‘juce::String’ to ‘wchar_t*’
    9 | #define PMO_MCU_FOLLOW String("MCU follow")
      |                        ^~~~~~~~~~~~~~~~~~~~
      |                        |
      |                        juce::String
/home/fuerst/csurf_klinke_mcu/PlugAccess.cpp:539:21: note: in expansion of macro ‘PMO_MCU_FOLLOW’
  539 |   if (isOptionSetTo(PMO_MCU_FOLLOW, PMOA_SAME_TRACK) &&
      |                     ^~~~~~~~~~~~~~
/home/fuerst/csurf_klinke_mcu/PlugAccess.h:215:31: note: initializing argument 1 of ‘bool PlugAccess::isOptionSetTo(wchar_t*, wchar_t*)’
  215 |   bool isOptionSetTo(wchar_t *optionName, wchar_t *attribute) {
      |                      ~~~~~~~~~^~~~~~~~~~
/home/fuerst/csurf_klinke_mcu/PlugModeOptions.h:9:24: error: cannot convert ‘juce::String’ to ‘wchar_t*’
    9 | #define PMO_MCU_FOLLOW String("MCU follow")
      |                        ^~~~~~~~~~~~~~~~~~~~
      |                        |
      |                        juce::String
/home/fuerst/csurf_klinke_mcu/PlugAccess.cpp:544:21: note: in expansion of macro ‘PMO_MCU_FOLLOW’
  544 |   if (isOptionSetTo(PMO_MCU_FOLLOW, PMOA_ALWAYS)) {
      |                     ^~~~~~~~~~~~~~
/home/fuerst/csurf_klinke_mcu/PlugAccess.h:215:31: note: initializing argument 1 of ‘bool PlugAccess::isOptionSetTo(wchar_t*, wchar_t*)’
  215 |   bool isOptionSetTo(wchar_t *optionName, wchar_t *attribute) {
      |                      ~~~~~~~~~^~~~~~~~~~
/home/fuerst/csurf_klinke_mcu/PlugModeOptions.h:12:28: error: cannot convert ‘juce::String’ to ‘wchar_t*’
   12 | #define PMO_LIMIT_FLOATING String("Limit float")
      |                            ^~~~~~~~~~~~~~~~~~~~~
      |                            |
      |                            juce::String
/home/fuerst/csurf_klinke_mcu/PlugAccess.cpp:556:21: note: in expansion of macro ‘PMO_LIMIT_FLOATING’
  556 |   if (isOptionSetTo(PMO_LIMIT_FLOATING, PMOA_ONLY_CHAIN)) {
      |                     ^~~~~~~~~~~~~~~~~~
/home/fuerst/csurf_klinke_mcu/PlugAccess.h:215:31: note: initializing argument 1 of ‘bool PlugAccess::isOptionSetTo(wchar_t*, wchar_t*)’
  215 |   bool isOptionSetTo(wchar_t *optionName, wchar_t *attribute) {
      |                      ~~~~~~~~~^~~~~~~~~~
/home/fuerst/csurf_klinke_mcu/PlugModeOptions.h:9:24: error: cannot convert ‘juce::String’ to ‘wchar_t*’
    9 | #define PMO_MCU_FOLLOW String("MCU follow")
      |                        ^~~~~~~~~~~~~~~~~~~~
      |                        |
      |                        juce::String
/home/fuerst/csurf_klinke_mcu/PlugAccess.cpp:563:31: note: in expansion of macro ‘PMO_MCU_FOLLOW’
  563 |     } else if (!isOptionSetTo(PMO_MCU_FOLLOW, PMOA_ALWAYS)) {
      |                               ^~~~~~~~~~~~~~
/home/fuerst/csurf_klinke_mcu/PlugAccess.h:215:31: note: initializing argument 1 of ‘bool PlugAccess::isOptionSetTo(wchar_t*, wchar_t*)’
  215 |   bool isOptionSetTo(wchar_t *optionName, wchar_t *attribute) {
      |                      ~~~~~~~~~^~~~~~~~~~
/home/fuerst/csurf_klinke_mcu/PlugModeOptions.h:12:28: error: cannot convert ‘juce::String’ to ‘wchar_t*’
   12 | #define PMO_LIMIT_FLOATING String("Limit float")
      |                            ^~~~~~~~~~~~~~~~~~~~~
      |                            |
      |                            juce::String
/home/fuerst/csurf_klinke_mcu/PlugAccess.cpp:578:21: note: in expansion of macro ‘PMO_LIMIT_FLOATING’
  578 |   if (isOptionSetTo(PMO_LIMIT_FLOATING, PMOA_ONLY_ONE_GLOBAL)) {
      |                     ^~~~~~~~~~~~~~~~~~
/home/fuerst/csurf_klinke_mcu/PlugAccess.h:215:31: note: initializing argument 1 of ‘bool PlugAccess::isOptionSetTo(wchar_t*, wchar_t*)’
  215 |   bool isOptionSetTo(wchar_t *optionName, wchar_t *attribute) {
      |                      ~~~~~~~~~^~~~~~~~~~
/home/fuerst/csurf_klinke_mcu/PlugAccess.cpp: In member function ‘void PlugAccess::checkChainChanges()’:
/home/fuerst/csurf_klinke_mcu/PlugModeOptions.h:9:24: error: cannot convert ‘juce::String’ to ‘wchar_t*’
    9 | #define PMO_MCU_FOLLOW String("MCU follow")
      |                        ^~~~~~~~~~~~~~~~~~~~
      |                        |
      |                        juce::String
/home/fuerst/csurf_klinke_mcu/PlugAccess.cpp:617:21: note: in expansion of macro ‘PMO_MCU_FOLLOW’
  617 |   if (isOptionSetTo(PMO_MCU_FOLLOW, PMOA_SAME_TRACK) &&
      |                     ^~~~~~~~~~~~~~
/home/fuerst/csurf_klinke_mcu/PlugAccess.h:215:31: note: initializing argument 1 of ‘bool PlugAccess::isOptionSetTo(wchar_t*, wchar_t*)’
  215 |   bool isOptionSetTo(wchar_t *optionName, wchar_t *attribute) {
      |                      ~~~~~~~~~^~~~~~~~~~
/home/fuerst/csurf_klinke_mcu/PlugModeOptions.h:9:24: error: cannot convert ‘juce::String’ to ‘wchar_t*’
    9 | #define PMO_MCU_FOLLOW String("MCU follow")
      |                        ^~~~~~~~~~~~~~~~~~~~
      |                        |
      |                        juce::String
/home/fuerst/csurf_klinke_mcu/PlugAccess.cpp:622:21: note: in expansion of macro ‘PMO_MCU_FOLLOW’
  622 |   if (isOptionSetTo(PMO_MCU_FOLLOW, PMOA_ALWAYS)) {
      |                     ^~~~~~~~~~~~~~
/home/fuerst/csurf_klinke_mcu/PlugAccess.h:215:31: note: initializing argument 1 of ‘bool PlugAccess::isOptionSetTo(wchar_t*, wchar_t*)’
  215 |   bool isOptionSetTo(wchar_t *optionName, wchar_t *attribute) {
      |                      ~~~~~~~~~^~~~~~~~~~
/home/fuerst/csurf_klinke_mcu/PlugAccess.cpp: In member function ‘void PlugAccess::openFX()’:
/home/fuerst/csurf_klinke_mcu/PlugModeOptions.h:10:24: error: cannot convert ‘juce::String’ to ‘wchar_t*’
   10 | #define PMO_GUI_FOLLOW String("GUI follow")
      |                        ^~~~~~~~~~~~~~~~~~~~
      |                        |
      |                        juce::String
/home/fuerst/csurf_klinke_mcu/PlugAccess.cpp:674:21: note: in expansion of macro ‘PMO_GUI_FOLLOW’
  674 |   if (isOptionSetTo(PMO_GUI_FOLLOW, PMOA_OPEN_CHAIN) ||
      |                     ^~~~~~~~~~~~~~
/home/fuerst/csurf_klinke_mcu/PlugAccess.h:215:31: note: initializing argument 1 of ‘bool PlugAccess::isOptionSetTo(wchar_t*, wchar_t*)’
  215 |   bool isOptionSetTo(wchar_t *optionName, wchar_t *attribute) {
      |                      ~~~~~~~~~^~~~~~~~~~
/home/fuerst/csurf_klinke_mcu/PlugModeOptions.h:10:24: error: cannot convert ‘juce::String’ to ‘wchar_t*’
   10 | #define PMO_GUI_FOLLOW String("GUI follow")
      |                        ^~~~~~~~~~~~~~~~~~~~
      |                        |
      |                        juce::String
/home/fuerst/csurf_klinke_mcu/PlugAccess.cpp:675:21: note: in expansion of macro ‘PMO_GUI_FOLLOW’
  675 |       isOptionSetTo(PMO_GUI_FOLLOW, PMOA_OPEN_CHAIN_CLOSE_FLOAT)) {
      |                     ^~~~~~~~~~~~~~
/home/fuerst/csurf_klinke_mcu/PlugAccess.h:215:31: note: initializing argument 1 of ‘bool PlugAccess::isOptionSetTo(wchar_t*, wchar_t*)’
  215 |   bool isOptionSetTo(wchar_t *optionName, wchar_t *attribute) {
      |                      ~~~~~~~~~^~~~~~~~~~
/home/fuerst/csurf_klinke_mcu/PlugModeOptions.h:10:24: error: cannot convert ‘juce::String’ to ‘wchar_t*’
   10 | #define PMO_GUI_FOLLOW String("GUI follow")
      |                        ^~~~~~~~~~~~~~~~~~~~
      |                        |
      |                        juce::String
/home/fuerst/csurf_klinke_mcu/PlugAccess.cpp:677:28: note: in expansion of macro ‘PMO_GUI_FOLLOW’
  677 |   } else if (isOptionSetTo(PMO_GUI_FOLLOW, PMOA_OPEN_FLOATING)) {
      |                            ^~~~~~~~~~~~~~
/home/fuerst/csurf_klinke_mcu/PlugAccess.h:215:31: note: initializing argument 1 of ‘bool PlugAccess::isOptionSetTo(wchar_t*, wchar_t*)’
  215 |   bool isOptionSetTo(wchar_t *optionName, wchar_t *attribute) {
      |                      ~~~~~~~~~^~~~~~~~~~
[ 60%] Building CXX object CMakeFiles/reaper_csurf_mcu_klinke.dir/PlugModeVPOTTableComponent.cpp.o
/home/fuerst/csurf_klinke_mcu/PlugMapSaveDialog.cpp: In member function ‘virtual void PlugMapSaveDialog::buttonClicked(juce::Button*)’:
/home/fuerst/csurf_klinke_mcu/PlugMapSaveDialog.cpp:200:20: error: ‘showMessageBox’ is not a member of ‘juce::AlertWindow’
  200 |       AlertWindow::showMessageBox(
      |                    ^~~~~~~~~~~~~~
In file included from /home/fuerst/csurf_klinke_mcu/PluginWatcher.cpp:8:
/home/fuerst/csurf_klinke_mcu/csurf_mcu.h:468:15: warning: extra qualification ‘CSurf_MCU::’ on member ‘GetTypeString’ [-fpermissive]
  468 |   const char *CSurf_MCU::GetTypeString() {
      |               ^~~~~~~~~
/home/fuerst/csurf_klinke_mcu/csurf_mcu.h:472:15: warning: extra qualification ‘CSurf_MCU::’ on member ‘GetDescString’ [-fpermissive]
  472 |   const char *CSurf_MCU::GetDescString() {
      |               ^~~~~~~~~
/home/fuerst/csurf_klinke_mcu/csurf_mcu.h:483:15: warning: extra qualification ‘CSurf_MCU::’ on member ‘GetConfigString’ [-fpermissive]
  483 |   const char *CSurf_MCU::GetConfigString() // string of configuration data
      |               ^~~~~~~~~
In file included from /home/fuerst/csurf_klinke_mcu/Selector.h:8,
                 from /home/fuerst/csurf_klinke_mcu/PlugModeSelectors.h:7,
                 from /home/fuerst/csurf_klinke_mcu/PlugMode.h:8,
                 from /home/fuerst/csurf_klinke_mcu/PlugMode.cpp:8:
/home/fuerst/csurf_klinke_mcu/csurf_mcu.h:468:15: warning: extra qualification ‘CSurf_MCU::’ on member ‘GetTypeString’ [-fpermissive]
  468 |   const char *CSurf_MCU::GetTypeString() {
      |               ^~~~~~~~~
/home/fuerst/csurf_klinke_mcu/csurf_mcu.h:472:15: warning: extra qualification ‘CSurf_MCU::’ on member ‘GetDescString’ [-fpermissive]
  472 |   const char *CSurf_MCU::GetDescString() {
      |               ^~~~~~~~~
/home/fuerst/csurf_klinke_mcu/csurf_mcu.h:483:15: warning: extra qualification ‘CSurf_MCU::’ on member ‘GetConfigString’ [-fpermissive]
  483 |   const char *CSurf_MCU::GetConfigString() // string of configuration data
      |               ^~~~~~~~~
In file included from /home/fuerst/csurf_klinke_mcu/PlugMap.h:8,
                 from /home/fuerst/csurf_klinke_mcu/PlugMapManager.cpp:9:
/home/fuerst/csurf_klinke_mcu/csurf_mcu.h:468:15: warning: extra qualification ‘CSurf_MCU::’ on member ‘GetTypeString’ [-fpermissive]
  468 |   const char *CSurf_MCU::GetTypeString() {
      |               ^~~~~~~~~
/home/fuerst/csurf_klinke_mcu/csurf_mcu.h:472:15: warning: extra qualification ‘CSurf_MCU::’ on member ‘GetDescString’ [-fpermissive]
  472 |   const char *CSurf_MCU::GetDescString() {
      |               ^~~~~~~~~
/home/fuerst/csurf_klinke_mcu/csurf_mcu.h:483:15: warning: extra qualification ‘CSurf_MCU::’ on member ‘GetConfigString’ [-fpermissive]
  483 |   const char *CSurf_MCU::GetConfigString() // string of configuration data
      |               ^~~~~~~~~
In file included from /home/fuerst/csurf_klinke_mcu/Selector.h:8,
                 from /home/fuerst/csurf_klinke_mcu/PlugModeSelectors.h:7,
                 from /home/fuerst/csurf_klinke_mcu/PlugMode.h:8,
                 from /home/fuerst/csurf_klinke_mcu/PlugModeComponent.cpp:28:
/home/fuerst/csurf_klinke_mcu/csurf_mcu.h:468:15: warning: extra qualification ‘CSurf_MCU::’ on member ‘GetTypeString’ [-fpermissive]
  468 |   const char *CSurf_MCU::GetTypeString() {
      |               ^~~~~~~~~
/home/fuerst/csurf_klinke_mcu/csurf_mcu.h:472:15: warning: extra qualification ‘CSurf_MCU::’ on member ‘GetDescString’ [-fpermissive]
  472 |   const char *CSurf_MCU::GetDescString() {
      |               ^~~~~~~~~
/home/fuerst/csurf_klinke_mcu/csurf_mcu.h:483:15: warning: extra qualification ‘CSurf_MCU::’ on member ‘GetConfigString’ [-fpermissive]
  483 |   const char *CSurf_MCU::GetConfigString() // string of configuration data
      |               ^~~~~~~~~
In file included from /home/fuerst/csurf_klinke_mcu/PlugModeMeterBridge.cpp:7:
/home/fuerst/csurf_klinke_mcu/csurf_mcu.h:468:15: warning: extra qualification ‘CSurf_MCU::’ on member ‘GetTypeString’ [-fpermissive]
  468 |   const char *CSurf_MCU::GetTypeString() {
      |               ^~~~~~~~~
/home/fuerst/csurf_klinke_mcu/csurf_mcu.h:472:15: warning: extra qualification ‘CSurf_MCU::’ on member ‘GetDescString’ [-fpermissive]
  472 |   const char *CSurf_MCU::GetDescString() {
      |               ^~~~~~~~~
/home/fuerst/csurf_klinke_mcu/csurf_mcu.h:483:15: warning: extra qualification ‘CSurf_MCU::’ on member ‘GetConfigString’ [-fpermissive]
  483 |   const char *CSurf_MCU::GetConfigString() // string of configuration data
      |               ^~~~~~~~~
In file included from /home/fuerst/csurf_klinke_mcu/Selector.h:8,
                 from /home/fuerst/csurf_klinke_mcu/Options.h:7,
                 from /home/fuerst/csurf_klinke_mcu/PlugMode2ndOptions.h:7,
                 from /home/fuerst/csurf_klinke_mcu/PlugMode2ndOptions.cpp:6:
/home/fuerst/csurf_klinke_mcu/csurf_mcu.h:468:15: warning: extra qualification ‘CSurf_MCU::’ on member ‘GetTypeString’ [-fpermissive]
  468 |   const char *CSurf_MCU::GetTypeString() {
      |               ^~~~~~~~~
/home/fuerst/csurf_klinke_mcu/csurf_mcu.h:472:15: warning: extra qualification ‘CSurf_MCU::’ on member ‘GetDescString’ [-fpermissive]
  472 |   const char *CSurf_MCU::GetDescString() {
      |               ^~~~~~~~~
/home/fuerst/csurf_klinke_mcu/csurf_mcu.h:483:15: warning: extra qualification ‘CSurf_MCU::’ on member ‘GetConfigString’ [-fpermissive]
  483 |   const char *CSurf_MCU::GetConfigString() // string of configuration data
      |               ^~~~~~~~~
In file included from /home/fuerst/csurf_klinke_mcu/Selector.h:8,
                 from /home/fuerst/csurf_klinke_mcu/Options.h:7,
                 from /home/fuerst/csurf_klinke_mcu/PlugModeOptions.h:7,
                 from /home/fuerst/csurf_klinke_mcu/PlugModeOptions.cpp:6:
/home/fuerst/csurf_klinke_mcu/csurf_mcu.h:468:15: warning: extra qualification ‘CSurf_MCU::’ on member ‘GetTypeString’ [-fpermissive]
  468 |   const char *CSurf_MCU::GetTypeString() {
      |               ^~~~~~~~~
/home/fuerst/csurf_klinke_mcu/csurf_mcu.h:472:15: warning: extra qualification ‘CSurf_MCU::’ on member ‘GetDescString’ [-fpermissive]
  472 |   const char *CSurf_MCU::GetDescString() {
      |               ^~~~~~~~~
/home/fuerst/csurf_klinke_mcu/csurf_mcu.h:483:15: warning: extra qualification ‘CSurf_MCU::’ on member ‘GetConfigString’ [-fpermissive]
  483 |   const char *CSurf_MCU::GetConfigString() // string of configuration data
      |               ^~~~~~~~~
In file included from /home/fuerst/csurf_klinke_mcu/PlugMap.h:8,
                 from /home/fuerst/csurf_klinke_mcu/PlugModePageComponent.h:32,
                 from /home/fuerst/csurf_klinke_mcu/PlugModePageReferenceComponent.cpp:28:
/home/fuerst/csurf_klinke_mcu/csurf_mcu.h:468:15: warning: extra qualification ‘CSurf_MCU::’ on member ‘GetTypeString’ [-fpermissive]
  468 |   const char *CSurf_MCU::GetTypeString() {
      |               ^~~~~~~~~
/home/fuerst/csurf_klinke_mcu/csurf_mcu.h:472:15: warning: extra qualification ‘CSurf_MCU::’ on member ‘GetDescString’ [-fpermissive]
  472 |   const char *CSurf_MCU::GetDescString() {
      |               ^~~~~~~~~
/home/fuerst/csurf_klinke_mcu/csurf_mcu.h:483:15: warning: extra qualification ‘CSurf_MCU::’ on member ‘GetConfigString’ [-fpermissive]
  483 |   const char *CSurf_MCU::GetConfigString() // string of configuration data
      |               ^~~~~~~~~
In file included from /home/fuerst/csurf_klinke_mcu/PlugMap.h:8,
                 from /home/fuerst/csurf_klinke_mcu/PlugModeFaderComponent.cpp:28:
/home/fuerst/csurf_klinke_mcu/csurf_mcu.h:468:15: warning: extra qualification ‘CSurf_MCU::’ on member ‘GetTypeString’ [-fpermissive]
  468 |   const char *CSurf_MCU::GetTypeString() {
      |               ^~~~~~~~~
/home/fuerst/csurf_klinke_mcu/csurf_mcu.h:472:15: warning: extra qualification ‘CSurf_MCU::’ on member ‘GetDescString’ [-fpermissive]
  472 |   const char *CSurf_MCU::GetDescString() {
      |               ^~~~~~~~~
/home/fuerst/csurf_klinke_mcu/csurf_mcu.h:483:15: warning: extra qualification ‘CSurf_MCU::’ on member ‘GetConfigString’ [-fpermissive]
  483 |   const char *CSurf_MCU::GetConfigString() // string of configuration data
      |               ^~~~~~~~~
In file included from /home/fuerst/csurf_klinke_mcu/PlugAccess.h:9,
                 from /home/fuerst/csurf_klinke_mcu/PlugModeParamComponent.cpp:28:
/home/fuerst/csurf_klinke_mcu/csurf_mcu.h:468:15: warning: extra qualification ‘CSurf_MCU::’ on member ‘GetTypeString’ [-fpermissive]
  468 |   const char *CSurf_MCU::GetTypeString() {
      |               ^~~~~~~~~
/home/fuerst/csurf_klinke_mcu/csurf_mcu.h:472:15: warning: extra qualification ‘CSurf_MCU::’ on member ‘GetDescString’ [-fpermissive]
  472 |   const char *CSurf_MCU::GetDescString() {
      |               ^~~~~~~~~
/home/fuerst/csurf_klinke_mcu/csurf_mcu.h:483:15: warning: extra qualification ‘CSurf_MCU::’ on member ‘GetConfigString’ [-fpermissive]
  483 |   const char *CSurf_MCU::GetConfigString() // string of configuration data
      |               ^~~~~~~~~
In file included from /home/fuerst/csurf_klinke_mcu/PlugMap.h:8,
                 from /home/fuerst/csurf_klinke_mcu/PlugMap.cpp:7:
/home/fuerst/csurf_klinke_mcu/csurf_mcu.h:468:15: warning: extra qualification ‘CSurf_MCU::’ on member ‘GetTypeString’ [-fpermissive]
  468 |   const char *CSurf_MCU::GetTypeString() {
      |               ^~~~~~~~~
/home/fuerst/csurf_klinke_mcu/csurf_mcu.h:472:15: warning: extra qualification ‘CSurf_MCU::’ on member ‘GetDescString’ [-fpermissive]
  472 |   const char *CSurf_MCU::GetDescString() {
      |               ^~~~~~~~~
/home/fuerst/csurf_klinke_mcu/csurf_mcu.h:483:15: warning: extra qualification ‘CSurf_MCU::’ on member ‘GetConfigString’ [-fpermissive]
  483 |   const char *CSurf_MCU::GetConfigString() // string of configuration data
      |               ^~~~~~~~~
In file included from /home/fuerst/csurf_klinke_mcu/PlugMap.h:8,
                 from /home/fuerst/csurf_klinke_mcu/PlugModeVPOTComponent.h:32,
                 from /home/fuerst/csurf_klinke_mcu/PlugModeSingleChannelComponent.h:34,
                 from /home/fuerst/csurf_klinke_mcu/PlugModeSingleChannelComponent.cpp:30:
/home/fuerst/csurf_klinke_mcu/csurf_mcu.h:468:15: warning: extra qualification ‘CSurf_MCU::’ on member ‘GetTypeString’ [-fpermissive]
  468 |   const char *CSurf_MCU::GetTypeString() {
      |               ^~~~~~~~~
/home/fuerst/csurf_klinke_mcu/csurf_mcu.h:472:15: warning: extra qualification ‘CSurf_MCU::’ on member ‘GetDescString’ [-fpermissive]
  472 |   const char *CSurf_MCU::GetDescString() {
      |               ^~~~~~~~~
/home/fuerst/csurf_klinke_mcu/csurf_mcu.h:483:15: warning: extra qualification ‘CSurf_MCU::’ on member ‘GetConfigString’ [-fpermissive]
  483 |   const char *CSurf_MCU::GetConfigString() // string of configuration data
      |               ^~~~~~~~~
In file included from /home/fuerst/csurf_klinke_mcu/PlugAccess.h:9,
                 from /home/fuerst/csurf_klinke_mcu/PlugModeBankReferenceComponent.h:32,
                 from /home/fuerst/csurf_klinke_mcu/PlugModeBankReferenceComponent.cpp:30:
/home/fuerst/csurf_klinke_mcu/csurf_mcu.h:468:15: warning: extra qualification ‘CSurf_MCU::’ on member ‘GetTypeString’ [-fpermissive]
  468 |   const char *CSurf_MCU::GetTypeString() {
      |               ^~~~~~~~~
/home/fuerst/csurf_klinke_mcu/csurf_mcu.h:472:15: warning: extra qualification ‘CSurf_MCU::’ on member ‘GetDescString’ [-fpermissive]
  472 |   const char *CSurf_MCU::GetDescString() {
      |               ^~~~~~~~~
/home/fuerst/csurf_klinke_mcu/csurf_mcu.h:483:15: warning: extra qualification ‘CSurf_MCU::’ on member ‘GetConfigString’ [-fpermissive]
  483 |   const char *CSurf_MCU::GetConfigString() // string of configuration data
      |               ^~~~~~~~~
In file included from /home/fuerst/csurf_klinke_mcu/PlugMap.h:8,
                 from /home/fuerst/csurf_klinke_mcu/PlugModeMapInfoComponent.cpp:28:
/home/fuerst/csurf_klinke_mcu/csurf_mcu.h:468:15: warning: extra qualification ‘CSurf_MCU::’ on member ‘GetTypeString’ [-fpermissive]
  468 |   const char *CSurf_MCU::GetTypeString() {
      |               ^~~~~~~~~
/home/fuerst/csurf_klinke_mcu/csurf_mcu.h:472:15: warning: extra qualification ‘CSurf_MCU::’ on member ‘GetDescString’ [-fpermissive]
  472 |   const char *CSurf_MCU::GetDescString() {
      |               ^~~~~~~~~
/home/fuerst/csurf_klinke_mcu/csurf_mcu.h:483:15: warning: extra qualification ‘CSurf_MCU::’ on member ‘GetConfigString’ [-fpermissive]
  483 |   const char *CSurf_MCU::GetConfigString() // string of configuration data
      |               ^~~~~~~~~
In file included from /home/fuerst/csurf_klinke_mcu/PlugMap.h:8,
                 from /home/fuerst/csurf_klinke_mcu/PlugModeVPOTComponent.h:32,
                 from /home/fuerst/csurf_klinke_mcu/PlugModeSingleChannelComponent.h:34,
                 from /home/fuerst/csurf_klinke_mcu/PlugModeSinglePageComponent.h:32,
                 from /home/fuerst/csurf_klinke_mcu/PlugModeSingleBankComponent.cpp:28:
/home/fuerst/csurf_klinke_mcu/csurf_mcu.h:468:15: warning: extra qualification ‘CSurf_MCU::’ on member ‘GetTypeString’ [-fpermissive]
  468 |   const char *CSurf_MCU::GetTypeString() {
      |               ^~~~~~~~~
/home/fuerst/csurf_klinke_mcu/csurf_mcu.h:472:15: warning: extra qualification ‘CSurf_MCU::’ on member ‘GetDescString’ [-fpermissive]
  472 |   const char *CSurf_MCU::GetDescString() {
      |               ^~~~~~~~~
/home/fuerst/csurf_klinke_mcu/csurf_mcu.h:483:15: warning: extra qualification ‘CSurf_MCU::’ on member ‘GetConfigString’ [-fpermissive]
  483 |   const char *CSurf_MCU::GetConfigString() // string of configuration data
      |               ^~~~~~~~~
In file included from /home/fuerst/csurf_klinke_mcu/PlugMap.h:8,
                 from /home/fuerst/csurf_klinke_mcu/PlugModeVPOTComponent.h:32,
                 from /home/fuerst/csurf_klinke_mcu/PlugModeSingleChannelComponent.h:34,
                 from /home/fuerst/csurf_klinke_mcu/PlugModeSinglePageComponent.h:32,
                 from /home/fuerst/csurf_klinke_mcu/PlugModeSingleBankComponent.h:32,
                 from /home/fuerst/csurf_klinke_mcu/PlugModeBankComponent.cpp:28:
/home/fuerst/csurf_klinke_mcu/csurf_mcu.h:468:15: warning: extra qualification ‘CSurf_MCU::’ on member ‘GetTypeString’ [-fpermissive]
  468 |   const char *CSurf_MCU::GetTypeString() {
      |               ^~~~~~~~~
/home/fuerst/csurf_klinke_mcu/csurf_mcu.h:472:15: warning: extra qualification ‘CSurf_MCU::’ on member ‘GetDescString’ [-fpermissive]
  472 |   const char *CSurf_MCU::GetDescString() {
      |               ^~~~~~~~~
/home/fuerst/csurf_klinke_mcu/csurf_mcu.h:483:15: warning: extra qualification ‘CSurf_MCU::’ on member ‘GetConfigString’ [-fpermissive]
  483 |   const char *CSurf_MCU::GetConfigString() // string of configuration data
      |               ^~~~~~~~~
In file included from /home/fuerst/csurf_klinke_mcu/PlugMap.h:8,
                 from /home/fuerst/csurf_klinke_mcu/PlugModeVPOTComponent.h:32,
                 from /home/fuerst/csurf_klinke_mcu/PlugModeSingleChannelComponent.h:34,
                 from /home/fuerst/csurf_klinke_mcu/PlugModeChannelComponent.cpp:28:
/home/fuerst/csurf_klinke_mcu/csurf_mcu.h:468:15: warning: extra qualification ‘CSurf_MCU::’ on member ‘GetTypeString’ [-fpermissive]
  468 |   const char *CSurf_MCU::GetTypeString() {
      |               ^~~~~~~~~
/home/fuerst/csurf_klinke_mcu/csurf_mcu.h:472:15: warning: extra qualification ‘CSurf_MCU::’ on member ‘GetDescString’ [-fpermissive]
  472 |   const char *CSurf_MCU::GetDescString() {
      |               ^~~~~~~~~
/home/fuerst/csurf_klinke_mcu/csurf_mcu.h:483:15: warning: extra qualification ‘CSurf_MCU::’ on member ‘GetConfigString’ [-fpermissive]
  483 |   const char *CSurf_MCU::GetConfigString() // string of configuration data
      |               ^~~~~~~~~
In file included from /home/fuerst/csurf_klinke_mcu/Selector.h:8,
                 from /home/fuerst/csurf_klinke_mcu/PlugModeSelectors.h:7,
                 from /home/fuerst/csurf_klinke_mcu/PlugModeSelectors.cpp:6:
/home/fuerst/csurf_klinke_mcu/csurf_mcu.h:468:15: warning: extra qualification ‘CSurf_MCU::’ on member ‘GetTypeString’ [-fpermissive]
  468 |   const char *CSurf_MCU::GetTypeString() {
      |               ^~~~~~~~~
/home/fuerst/csurf_klinke_mcu/csurf_mcu.h:472:15: warning: extra qualification ‘CSurf_MCU::’ on member ‘GetDescString’ [-fpermissive]
  472 |   const char *CSurf_MCU::GetDescString() {
      |               ^~~~~~~~~
/home/fuerst/csurf_klinke_mcu/csurf_mcu.h:483:15: warning: extra qualification ‘CSurf_MCU::’ on member ‘GetConfigString’ [-fpermissive]
  483 |   const char *CSurf_MCU::GetConfigString() // string of configuration data
      |               ^~~~~~~~~
In file included from /home/fuerst/csurf_klinke_mcu/PlugMap.h:8,
                 from /home/fuerst/csurf_klinke_mcu/PlugModeVPOTComponent.h:32,
                 from /home/fuerst/csurf_klinke_mcu/PlugModeSingleChannelComponent.h:34,
                 from /home/fuerst/csurf_klinke_mcu/PlugModeSinglePageComponent.h:32,
                 from /home/fuerst/csurf_klinke_mcu/PlugModePageComponent.cpp:28:
/home/fuerst/csurf_klinke_mcu/csurf_mcu.h:468:15: warning: extra qualification ‘CSurf_MCU::’ on member ‘GetTypeString’ [-fpermissive]
  468 |   const char *CSurf_MCU::GetTypeString() {
      |               ^~~~~~~~~
/home/fuerst/csurf_klinke_mcu/csurf_mcu.h:472:15: warning: extra qualification ‘CSurf_MCU::’ on member ‘GetDescString’ [-fpermissive]
  472 |   const char *CSurf_MCU::GetDescString() {
      |               ^~~~~~~~~
/home/fuerst/csurf_klinke_mcu/csurf_mcu.h:483:15: warning: extra qualification ‘CSurf_MCU::’ on member ‘GetConfigString’ [-fpermissive]
  483 |   const char *CSurf_MCU::GetConfigString() // string of configuration data
      |               ^~~~~~~~~
make[2]: *** [CMakeFiles/reaper_csurf_mcu_klinke.dir/build.make:415: CMakeFiles/reaper_csurf_mcu_klinke.dir/PlugAccess.cpp.o] Error 1
make[2]: *** Waiting for unfinished jobs....
In file included from /home/fuerst/csurf_klinke_mcu/PlugMap.h:8,
                 from /home/fuerst/csurf_klinke_mcu/PlugModeVPOTComponent.cpp:28:
/home/fuerst/csurf_klinke_mcu/csurf_mcu.h:468:15: warning: extra qualification ‘CSurf_MCU::’ on member ‘GetTypeString’ [-fpermissive]
  468 |   const char *CSurf_MCU::GetTypeString() {
      |               ^~~~~~~~~
/home/fuerst/csurf_klinke_mcu/csurf_mcu.h:472:15: warning: extra qualification ‘CSurf_MCU::’ on member ‘GetDescString’ [-fpermissive]
  472 |   const char *CSurf_MCU::GetDescString() {
      |               ^~~~~~~~~
/home/fuerst/csurf_klinke_mcu/csurf_mcu.h:483:15: warning: extra qualification ‘CSurf_MCU::’ on member ‘GetConfigString’ [-fpermissive]
  483 |   const char *CSurf_MCU::GetConfigString() // string of configuration data
      |               ^~~~~~~~~
/home/fuerst/csurf_klinke_mcu/PlugMapManager.cpp: In member function ‘bool PlugMapManager::writeMapFile(juce::String)’:
/home/fuerst/csurf_klinke_mcu/PlugMapManager.cpp:109:40: error: no matching function for call to ‘juce::AlertWindow::showOkCancelBox(const juce::MessageBoxIconType&, juce::String, juce::String)’
  109 |       if (!AlertWindow::showOkCancelBox(
      |            ~~~~~~~~~~~~~~~~~~~~~~~~~~~~^
  110 |               AlertWindow::QuestionIcon, String("Overwrite file"),
      |               ~~~~~~~~~~~~~~~~~~~~~~~~~~~~~~~~~~~~~~~~~~~~~~~~~~~~
  111 |               String("Are you sure that you want to overwrite an already "
      |               ~~~~~~~~~~~~~~~~~~~~~~~~~~~~~~~~~~~~~~~~~~~~~~~~~~~~~~~~~~~~
  112 |                      "existing map?")))
      |                      ~~~~~~~~~~~~~~~~~  
  • there is 1 candidate
In file included from /home/fuerst/csurf_klinke_mcu/juce_8/modules/juce_gui_basics/juce_gui_basics.h:300,
                 from /home/fuerst/csurf_klinke_mcu/JuceHeader.h:29,
                 from /home/fuerst/csurf_klinke_mcu/PlugMapManager.h:9,
                 from /home/fuerst/csurf_klinke_mcu/PlugMapManager.cpp:8:
    • candidate 1: ‘static bool juce::AlertWindow::showOkCancelBox(juce::MessageBoxIconType, const juce::String&, const juce::String&, const juce::String&, const juce::String&, juce::Component*, juce::ModalComponentManager::Callback*)’
      /home/fuerst/csurf_klinke_mcu/juce_8/modules/juce_gui_basics/windows/juce_AlertWindow.h:389:31:
        389 |     static bool JUCE_CALLTYPE showOkCancelBox (MessageBoxIconType iconType,
            |                               ^~~~~~~~~~~~~~~
      • candidate expects 7 arguments, 3 provided
/home/fuerst/csurf_klinke_mcu/PlugMapManager.cpp:120:18: error: ‘showMessageBox’ is not a member of ‘juce::AlertWindow’
  120 |     AlertWindow::showMessageBox(
      |                  ^~~~~~~~~~~~~~
In file included from /home/fuerst/csurf_klinke_mcu/PlugMap.h:8,
                 from /home/fuerst/csurf_klinke_mcu/PlugModeVPOTComponent.h:32,
                 from /home/fuerst/csurf_klinke_mcu/PlugModeSingleChannelComponent.h:34,
                 from /home/fuerst/csurf_klinke_mcu/PlugModeSinglePageComponent.h:32,
                 from /home/fuerst/csurf_klinke_mcu/PlugModeSinglePageComponent.cpp:30:
/home/fuerst/csurf_klinke_mcu/csurf_mcu.h:468:15: warning: extra qualification ‘CSurf_MCU::’ on member ‘GetTypeString’ [-fpermissive]
  468 |   const char *CSurf_MCU::GetTypeString() {
      |               ^~~~~~~~~
/home/fuerst/csurf_klinke_mcu/csurf_mcu.h:472:15: warning: extra qualification ‘CSurf_MCU::’ on member ‘GetDescString’ [-fpermissive]
  472 |   const char *CSurf_MCU::GetDescString() {
      |               ^~~~~~~~~
/home/fuerst/csurf_klinke_mcu/csurf_mcu.h:483:15: warning: extra qualification ‘CSurf_MCU::’ on member ‘GetConfigString’ [-fpermissive]
  483 |   const char *CSurf_MCU::GetConfigString() // string of configuration data
      |               ^~~~~~~~~
/home/fuerst/csurf_klinke_mcu/PlugMode.cpp: In member function ‘virtual void PlugMode::updateAssignmentDisplay()’:
/home/fuerst/csurf_klinke_mcu/PlugMode.cpp:403:47: warning: ISO C++ forbids converting a string constant to ‘char*’ [-Wwrite-strings]
  403 |     m_pCCSManager->setAssignmentDisplay(this, "P ");
      |                                               ^~~~
/home/fuerst/csurf_klinke_mcu/PlugMode.cpp:415:49: warning: ISO C++ forbids converting a string constant to ‘char*’ [-Wwrite-strings]
  415 |       m_pCCSManager->setAssignmentDisplay(this, "P_");
      |                                                 ^~~~
/home/fuerst/csurf_klinke_mcu/PlugMode.cpp:418:47: warning: ISO C++ forbids converting a string constant to ‘char*’ [-Wwrite-strings]
  418 |     m_pCCSManager->setAssignmentDisplay(this, "PL");
      |                                               ^~~~
/home/fuerst/csurf_klinke_mcu/PlugMode.cpp: In member function ‘void PlugMode::followChanges()’:
/home/fuerst/csurf_klinke_mcu/PlugMode.cpp:1170:57: warning: taking address of rvalue [-fpermissive]
 1170 |                                            &PlugAccess::ElementDesc(bank, page, PlugAccess::ElementDesc::FADER, channel));
      |                                                         ^~~~~~~~~~~~~~~~~~~~~~~~~~~~~~~~~~~~~~~~~~~~~~~~~~~~~~~~~~~~~~~~
/home/fuerst/csurf_klinke_mcu/PlugMode.cpp:1172:57: warning: taking address of rvalue [-fpermissive]
 1172 |                                            &PlugAccess::ElementDesc(bank, page, PlugAccess::ElementDesc::VPOT, channel));
      |                                                         ^~~~~~~~~~~~~~~~~~~~~~~~~~~~~~~~~~~~~~~~~~~~~~~~~~~~~~~~~~~~~~~
/home/fuerst/csurf_klinke_mcu/PlugModeComponent.cpp: In member function ‘virtual void PlugModeComponent::buttonClicked(juce::Button*)’:
/home/fuerst/csurf_klinke_mcu/PlugModeComponent.cpp:192:36: warning: converting to non-pointer type ‘int’ from NULL [-Wconversion-null]
  192 |       m_paramChangedConnectionId = NULL;
      |                                    ^~~~
/home/fuerst/csurf_klinke_mcu/PlugModeComponent.cpp:206:14: error: ‘class juce::DialogWindow’ has no member named ‘runModalLoop’
  206 |     pDialog->runModalLoop();
      |              ^~~~~~~~~~~~
/home/fuerst/csurf_klinke_mcu/PlugModeComponent.cpp: In member function ‘void PlugModeComponent::updateEverything()’:
/home/fuerst/csurf_klinke_mcu/PlugModeComponent.cpp:253:30: error: cannot convert ‘bool’ to ‘juce::NotificationType’
  253 |                              false);
      |                              ^~~~~
      |                              |
      |                              bool
In file included from /home/fuerst/csurf_klinke_mcu/juce_8/modules/juce_gui_basics/juce_gui_basics.h:280,
                 from /home/fuerst/csurf_klinke_mcu/JuceHeader.h:29,
                 from /home/fuerst/csurf_klinke_mcu/CCSMode.h:6,
                 from /home/fuerst/csurf_klinke_mcu/PlugMode.h:7:
/home/fuerst/csurf_klinke_mcu/juce_8/modules/juce_gui_basics/widgets/juce_Label.h:71:36: note: initializing argument 2 of ‘void juce::Label::setText(const juce::String&, juce::NotificationType)’
   71 |                   NotificationType notification);
      |                   ~~~~~~~~~~~~~~~~~^~~~~~~~~~~~
/home/fuerst/csurf_klinke_mcu/PlugModeComponent.cpp:257:30: error: cannot convert ‘bool’ to ‘juce::NotificationType’
  257 |                              false);
      |                              ^~~~~
      |                              |
      |                              bool
/home/fuerst/csurf_klinke_mcu/juce_8/modules/juce_gui_basics/widgets/juce_Label.h:71:36: note: initializing argument 2 of ‘void juce::Label::setText(const juce::String&, juce::NotificationType)’
   71 |                   NotificationType notification);
      |                   ~~~~~~~~~~~~~~~~~^~~~~~~~~~~~
/home/fuerst/csurf_klinke_mcu/PlugModeParamComponent.cpp: In member function ‘void PlugModeParamComponent::updateParameterList()’:
/home/fuerst/csurf_klinke_mcu/PlugModeParamComponent.cpp:190:73: warning: ISO C++ says that these are ambiguous, even though the worst conversion for the first is better than the worst conversion for the second:
  190 |       m_parameter->addItem(String::formatted(String("%04d: "), i + 1) + paramName,
      |                                                                         ^~~~~~~~~
In file included from /home/fuerst/csurf_klinke_mcu/juce_8/modules/juce_core/juce_core.h:256,
                 from /home/fuerst/csurf_klinke_mcu/juce_8/modules/juce_graphics/juce_graphics.h:67,
                 from /home/fuerst/csurf_klinke_mcu/juce_8/modules/juce_gui_basics/juce_gui_basics.h:68,
                 from /home/fuerst/csurf_klinke_mcu/JuceHeader.h:29,
                 from /home/fuerst/csurf_klinke_mcu/CCSMode.h:6,
                 from /home/fuerst/csurf_klinke_mcu/CCSManager.h:8,
                 from /home/fuerst/csurf_klinke_mcu/csurf_mcu.h:21:
/home/fuerst/csurf_klinke_mcu/juce_8/modules/juce_core/text/juce_String.h:1422:31: note: candidate 1: ‘juce::String juce::operator+(String, const char*)’
 1422 | JUCE_API String JUCE_CALLTYPE operator+ (String string1, const char* string2);
      |                               ^~~~~~~~
/home/fuerst/csurf_klinke_mcu/PlugModeParamComponent.cpp:190:73: note: candidate 2: ‘operator+(long int, char*)’ (built-in)
  190 |       m_parameter->addItem(String::formatted(String("%04d: "), i + 1) + paramName,
      |                                                                         ^~~~~~~~~
/home/fuerst/csurf_klinke_mcu/PlugModePageReferenceComponent.cpp: In member function ‘void PlugModePageReferenceComponent::updateEverything()’:
/home/fuerst/csurf_klinke_mcu/PlugModePageReferenceComponent.cpp:229:23: error: cannot convert ‘bool’ to ‘juce::NotificationType’
  229 |                       false);
      |                       ^~~~~
      |                       |
      |                       bool
In file included from /home/fuerst/csurf_klinke_mcu/juce_8/modules/juce_gui_basics/juce_gui_basics.h:280,
                 from /home/fuerst/csurf_klinke_mcu/JuceHeader.h:29,
                 from /home/fuerst/csurf_klinke_mcu/PlugModePageComponent.h:31:
/home/fuerst/csurf_klinke_mcu/juce_8/modules/juce_gui_basics/widgets/juce_Label.h:71:36: note: initializing argument 2 of ‘void juce::Label::setText(const juce::String&, juce::NotificationType)’
   71 |                   NotificationType notification);
      |                   ~~~~~~~~~~~~~~~~~^~~~~~~~~~~~
make[2]: *** [CMakeFiles/reaper_csurf_mcu_klinke.dir/build.make:471: CMakeFiles/reaper_csurf_mcu_klinke.dir/PlugMapSaveDialog.cpp.o] Error 1
/home/fuerst/csurf_klinke_mcu/PlugModeBankReferenceComponent.cpp: In member function ‘void PlugModeBankReferenceComponent::updateEverything()’:
/home/fuerst/csurf_klinke_mcu/PlugModeBankReferenceComponent.cpp:227:23: error: cannot convert ‘bool’ to ‘juce::NotificationType’
  227 |                       false);
      |                       ^~~~~
      |                       |
      |                       bool
In file included from /home/fuerst/csurf_klinke_mcu/juce_8/modules/juce_gui_basics/juce_gui_basics.h:280,
                 from /home/fuerst/csurf_klinke_mcu/JuceHeader.h:29,
                 from /home/fuerst/csurf_klinke_mcu/PlugModeBankReferenceComponent.h:31:
/home/fuerst/csurf_klinke_mcu/juce_8/modules/juce_gui_basics/widgets/juce_Label.h:71:36: note: initializing argument 2 of ‘void juce::Label::setText(const juce::String&, juce::NotificationType)’
   71 |                   NotificationType notification);
      |                   ~~~~~~~~~~~~~~~~~^~~~~~~~~~~~
make[2]: *** [CMakeFiles/reaper_csurf_mcu_klinke.dir/build.make:457: CMakeFiles/reaper_csurf_mcu_klinke.dir/PlugMapManager.cpp.o] Error 1
make[2]: *** [CMakeFiles/reaper_csurf_mcu_klinke.dir/build.make:555: CMakeFiles/reaper_csurf_mcu_klinke.dir/PlugModeComponent.cpp.o] Error 1
make[2]: *** [CMakeFiles/reaper_csurf_mcu_klinke.dir/build.make:639: CMakeFiles/reaper_csurf_mcu_klinke.dir/PlugModePageReferenceComponent.cpp.o] Error 1
make[2]: *** [CMakeFiles/reaper_csurf_mcu_klinke.dir/build.make:527: CMakeFiles/reaper_csurf_mcu_klinke.dir/PlugModeBankReferenceComponent.cpp.o] Error 1
In file included from /home/fuerst/csurf_klinke_mcu/PlugMap.h:8,
                 from /home/fuerst/csurf_klinke_mcu/PlugModeVPOTTableComponent.h:9,
                 from /home/fuerst/csurf_klinke_mcu/PlugModeVPOTTableComponent.cpp:6:
/home/fuerst/csurf_klinke_mcu/csurf_mcu.h:468:15: warning: extra qualification ‘CSurf_MCU::’ on member ‘GetTypeString’ [-fpermissive]
  468 |   const char *CSurf_MCU::GetTypeString() {
      |               ^~~~~~~~~
/home/fuerst/csurf_klinke_mcu/csurf_mcu.h:472:15: warning: extra qualification ‘CSurf_MCU::’ on member ‘GetDescString’ [-fpermissive]
  472 |   const char *CSurf_MCU::GetDescString() {
      |               ^~~~~~~~~
/home/fuerst/csurf_klinke_mcu/csurf_mcu.h:483:15: warning: extra qualification ‘CSurf_MCU::’ on member ‘GetConfigString’ [-fpermissive]
  483 |   const char *CSurf_MCU::GetConfigString() // string of configuration data
      |               ^~~~~~~~~
make[1]: *** [CMakeFiles/Makefile2:168: CMakeFiles/reaper_csurf_mcu_klinke.dir/all] Error 2
make: *** [Makefile:136: all] Error 2
